// Jest Snapshot v1, https://goo.gl/fbAQLP

exports[`LaunchOptionsBar should match snapshot 1`] = `
<div
  aria-label="select upcoming launches or past launches"
  className="makeStyles-buttonContainer-1"
>
  <WithStyles(ForwardRef(ToggleButton))
    aria-label="past or upcoming launch selection"
    exclusive={true}
    value="upcoming"
  >
    <WithStyles(ForwardRef(ToggleButton))
      aria-label="upcoming launches"
      onClick={[Function]}
      selected={true}
      value="upcoming"
    >
      Upcoming
    </WithStyles(ForwardRef(ToggleButton))>
    <WithStyles(ForwardRef(ToggleButton))
      aria-label="past launches"
      onClick={[Function]}
      value="past"
    >
      Past
    </WithStyles(ForwardRef(ToggleButton))>
  </WithStyles(ForwardRef(ToggleButton))>
  <WithStyles(ForwardRef(FormControl))
    className="makeStyles-formControl-2"
    variant="filled"
  >
    <WithStyles(ForwardRef(InputLabel))>
      Results
    </WithStyles(ForwardRef(InputLabel))>
    <WithStyles(ForwardRef(Select))
      id="select-filled"
      labelId="filled-label"
      onChange={[Function]}
      value={10}
    >
      <WithStyles(ForwardRef(MenuItem))
        value={10}
      >
        10
      </WithStyles(ForwardRef(MenuItem))>
      <WithStyles(ForwardRef(MenuItem))
        value={25}
      >
        25
      </WithStyles(ForwardRef(MenuItem))>
      <WithStyles(ForwardRef(MenuItem))
        value={50}
      >
        50
      </WithStyles(ForwardRef(MenuItem))>
    </WithStyles(ForwardRef(Select))>
  </WithStyles(ForwardRef(FormControl))>
</div>
`;
